// Jest Snapshot v1, https://goo.gl/fbAQLP

exports[`Render should render component 1`] = `
<section
  className="card-section card-list-layout-grid"
>
  <div
    className="configuration-card-list-headers"
  >
    <div
      className="configuration-card-list-headers-column"
    />
    <div
      className="configuration-card-list-headers-column"
    >
      <div
        className="configuration-card-list-headers-column--left"
      >
        Name
      </div>
      <div
        className="configuration-card-list-headers-column--center"
      >
        URL
      </div>
      <div
        className="configuration-card-list-headers-column--right"
      />
    </div>
  </div>
  <List
    getItemKey={[Function]}
    items={
      Array [
        Object {
          "access": "",
          "basicAuth": false,
          "database": "database-0",
          "id": 0,
          "isDefault": false,
          "jsonData": Object {
            "authType": "credentials",
            "defaultRegion": "eu-west-2",
          },
          "name": "dataSource-0",
          "orgId": 1,
          "password": "",
          "readOnly": false,
          "type": "cloudwatch",
          "typeLogoUrl": "public/app/plugins/datasource/cloudwatch/img/amazon-web-services.png",
          "url": "",
          "user": "",
        },
        Object {
          "access": "",
          "basicAuth": false,
          "database": "database-1",
          "id": 1,
          "isDefault": false,
          "jsonData": Object {
            "authType": "credentials",
            "defaultRegion": "eu-west-2",
          },
          "name": "dataSource-1",
          "orgId": 1,
          "password": "",
          "readOnly": false,
          "type": "cloudwatch",
          "typeLogoUrl": "public/app/plugins/datasource/cloudwatch/img/amazon-web-services.png",
          "url": "",
          "user": "",
        },
        Object {
          "access": "",
          "basicAuth": false,
          "database": "database-2",
          "id": 2,
          "isDefault": false,
          "jsonData": Object {
            "authType": "credentials",
            "defaultRegion": "eu-west-2",
          },
          "name": "dataSource-2",
          "orgId": 1,
          "password": "",
          "readOnly": false,
          "type": "cloudwatch",
          "typeLogoUrl": "public/app/plugins/datasource/cloudwatch/img/amazon-web-services.png",
          "url": "",
          "user": "",
        },
        Object {
          "access": "",
          "basicAuth": false,
          "database": "database-3",
          "id": 3,
          "isDefault": false,
          "jsonData": Object {
            "authType": "credentials",
            "defaultRegion": "eu-west-2",
          },
          "name": "dataSource-3",
          "orgId": 1,
          "password": "",
          "readOnly": false,
          "type": "cloudwatch",
          "typeLogoUrl": "public/app/plugins/datasource/cloudwatch/img/amazon-web-services.png",
          "url": "",
          "user": "",
        },
      ]
    }
    renderItem={[Function]}
  />
</section>
`;
