// Jest Snapshot v1, https://goo.gl/fbAQLP

exports[`Render should render component 1`] = `
<div
  className="configuration-card-item"
>
  <img
    className="configuration-card-item-logo"
    src="public/app/plugins/datasource/cloudwatch/img/amazon-web-services.png"
  />
  <div
    className="configuration-card-item-text-wrapper"
  >
    <span
      className="configuration-card-item-text"
    >
      gdev-cloudwatch
    </span>
    <span
      className="configuration-card-item-desc"
    >
      cloudwatch
    </span>
  </div>
  <div
    className="configuration-card-item-url"
  >
    <span
      className="configuration-card-item-text"
    />
  </div>
  <div
    className="configuration-card-item-actions"
  >
    <a
      aria-label="Data source list item gdev-cloudwatch"
      className="configuration-card-item-link gicon gicon-explore"
      href="explore?orgId=1&left=%5B%22now-1h%22,%22now%22,%22gdev-cloudwatch%22,%7B%7D,%7B%22mode%22:%22Metrics%22%7D,%7B%22ui%22:%5Btrue,true,true,%22none%22%5D%7D%5D"
    />
    <a
      className="configuration-card-item-link fa fa-trash"
      onClick={[Function]}
    />
    <a
      className="btn btn-primary"
      href="datasources/edit/13"
    >
      Configure
    </a>
  </div>
</div>
`;
